[     318ms] [LOG] [Fast Refresh] rebuilding @ http://demo.localhost:3000/_next/static/chunks/node_modules_next_dist_1e8vcs8._.js:776
[    1560ms] [LOG] [Fast Refresh] done in 1348ms @ http://demo.localhost:3000/_next/static/chunks/node_modules_next_dist_1e8vcs8._.js:776
[    2529ms] [INFO] %cDownload the React DevTools for a better development experience: https://react.dev/link/react-devtools font-weight:bold @ http://demo.localhost:3000/_next/static/chunks/node_modules_next_dist_1e8vcs8._.js:776
[    2586ms] [LOG] [HMR] connected @ http://demo.localhost:3000/_next/static/chunks/node_modules_next_dist_1e8vcs8._.js:776
[  582938ms] [LOG] [HMR] connected @ http://demo.localhost:3000/_next/static/chunks/node_modules_next_dist_1e8vcs8._.js:776
[  583175ms] [LOG] [Fast Refresh] rebuilding @ http://demo.localhost:3000/_next/static/chunks/node_modules_next_dist_1e8vcs8._.js:776
[  583390ms] [LOG] [Fast Refresh] done in 322ms @ http://demo.localhost:3000/_next/static/chunks/node_modules_next_dist_1e8vcs8._.js:776
[  610340ms] [LOG] [Fast Refresh] rebuilding @ http://demo.localhost:3000/_next/static/chunks/node_modules_next_dist_1e8vcs8._.js:776
[  610404ms] [LOG] [Fast Refresh] done in 168ms @ http://demo.localhost:3000/_next/static/chunks/node_modules_next_dist_1e8vcs8._.js:776
[ 1268435ms] [LOG] [Fast Refresh] rebuilding @ http://demo.localhost:3000/_next/static/chunks/node_modules_next_dist_1e8vcs8._.js:776
[ 1271542ms] [LOG] [Fast Refresh] done in 2767ms @ http://demo.localhost:3000/_next/static/chunks/node_modules_next_dist_1e8vcs8._.js:776
[ 1319628ms] [LOG] [Fast Refresh] rebuilding @ http://demo.localhost:3000/_next/static/chunks/node_modules_next_dist_1e8vcs8._.js:776
[ 1324007ms] [ERROR] Failed to load resource: the server responded with a status of 404 (Not Found) @ http://demo.localhost:3000/portal?_rsc=SoU_8-BW_bS7cAXG:0
[ 1324082ms] [LOG] [Fast Refresh] done in 3523ms @ http://demo.localhost:3000/_next/static/chunks/node_modules_next_dist_1e8vcs8._.js:776
[ 1324331ms] [ERROR] Failed to load resource: the server responded with a status of 404 (Not Found) @ http://demo.localhost:3000/portal?_rsc=SoU_8-BW_bS7cAXG:0
[ 1324606ms] [ERROR] Failed to load resource: the server responded with a status of 404 (Not Found) @ http://demo.localhost:3000/portal?_rsc=SoU_8-BW_bS7cAXG:0
[ 1324768ms] [ERROR] Failed to load resource: the server responded with a status of 404 (Not Found) @ http://demo.localhost:3000/portal?_rsc=SoU_8-BW_bS7cAXG:0
[ 1325424ms] [ERROR] Failed to load resource: the server responded with a status of 404 (Not Found) @ http://demo.localhost:3000/portal?_rsc=SoU_8-BW_bS7cAXG:0
[ 1325768ms] [ERROR] Failed to load resource: the server responded with a status of 404 (Not Found) @ http://demo.localhost:3000/portal:0
[ 1327026ms] [INFO] %cDownload the React DevTools for a better development experience: https://react.dev/link/react-devtools font-weight:bold @ http://demo.localhost:3000/_next/static/chunks/node_modules_next_dist_1e8vcs8._.js:776
[ 1327390ms] [LOG] [HMR] connected @ http://demo.localhost:3000/_next/static/chunks/node_modules_next_dist_1e8vcs8._.js:776
[ 1446034ms] [LOG] [Fast Refresh] rebuilding @ http://demo.localhost:3000/_next/static/chunks/node_modules_next_dist_1e8vcs8._.js:776
[ 1446978ms] [ERROR] Failed to load resource: the server responded with a status of 404 (Not Found) @ http://demo.localhost:3000/portal?_rsc=7TmJZH1YHwSue7fr:0
[ 1447015ms] [LOG] [Fast Refresh] done in 869ms @ http://demo.localhost:3000/_next/static/chunks/node_modules_next_dist_1e8vcs8._.js:776
[ 1447730ms] [LOG] [Fast Refresh] rebuilding @ http://demo.localhost:3000/_next/static/chunks/node_modules_next_dist_1e8vcs8._.js:776
[ 1448246ms] [ERROR] Failed to load resource: the server responded with a status of 404 (Not Found) @ http://demo.localhost:3000/portal?_rsc=7TmJZH1YHwSue7fr:0
[ 1448256ms] [LOG] [Fast Refresh] done in 635ms @ http://demo.localhost:3000/_next/static/chunks/node_modules_next_dist_1e8vcs8._.js:776
[ 1450551ms] [LOG] [Fast Refresh] rebuilding @ http://demo.localhost:3000/_next/static/chunks/node_modules_next_dist_1e8vcs8._.js:776
[ 1450891ms] [ERROR] Failed to load resource: the server responded with a status of 404 (Not Found) @ http://demo.localhost:3000/portal:0
[ 1452789ms] [INFO] %cDownload the React DevTools for a better development experience: https://react.dev/link/react-devtools font-weight:bold @ http://demo.localhost:3000/_next/static/chunks/node_modules_next_dist_1e8vcs8._.js:776
[ 1452876ms] [LOG] [HMR] connected @ http://demo.localhost:3000/_next/static/chunks/node_modules_next_dist_1e8vcs8._.js:776
[ 1453005ms] [ERROR] ./src/app/(tenant)/portal/page.tsx:3:1
Error: Module not found: Can't resolve '@/components/auth/AuthGate'
  1 | "use client";
  2 |
> 3 | import { AuthGate } from "@/components/auth/AuthGate";
    | ^^^^^^^^^^^^^^^^^^^^^^^^^^^^^^^^^^^^^^^^^^^^^^^^^^^^^^
  4 | import { Button } from "@/components/ui/Button";
  5 | import { useAuth } from "@/lib/contexts/AuthContext";
  6 |

Import map: aliased to relative './src/components/auth/AuthGate' inside of [project]/

Import traces:
  Client Component Browser:
    ./src/app/(tenant)/portal/page.tsx [Client Component Browser]
    ./src/app/(tenant)/portal/page.tsx [Server Component]

  Client Component SSR:
    ./src/app/(tenant)/portal/page.tsx [Client Component SSR]
    ./src/app/(tenant)/portal/page.tsx [Server Component]

https://nextjs.org/docs/messages/module-not-found @ http://demo.localhost:3000/_next/static/chunks/node_modules_next_dist_1e8vcs8._.js:1052
[ 1453006ms] [ERROR] ./src/app/(tenant)/portal/page.tsx:4:1
Error: Module not found: Can't resolve '@/components/ui/Button'
  2 |
  3 | import { AuthGate } from "@/components/auth/AuthGate";
> 4 | import { Button } from "@/components/ui/Button";
    | ^^^^^^^^^^^^^^^^^^^^^^^^^^^^^^^^^^^^^^^^^^^^^^^^
  5 | import { useAuth } from "@/lib/contexts/AuthContext";
  6 |
  7 | /**

Import map: aliased to relative './src/components/ui/Button' inside of [project]/

Import traces:
  Client Component Browser:
    ./src/app/(tenant)/portal/page.tsx [Client Component Browser]
    ./src/app/(tenant)/portal/page.tsx [Server Component]

  Client Component SSR:
    ./src/app/(tenant)/portal/page.tsx [Client Component SSR]
    ./src/app/(tenant)/portal/page.tsx [Server Component]

https://nextjs.org/docs/messages/module-not-found @ http://demo.localhost:3000/_next/static/chunks/node_modules_next_dist_1e8vcs8._.js:1052
[ 1455535ms] [ERROR] ./src/app/(tenant)/portal/page.tsx:4:1
Error: Module not found: Can't resolve '@/components/ui/Button'
  2 |
  3 | import { AuthGate } from "@/components/auth/AuthGate";
> 4 | import { Button } from "@/components/ui/Button";
    | ^^^^^^^^^^^^^^^^^^^^^^^^^^^^^^^^^^^^^^^^^^^^^^^^
  5 | import { useAuth } from "@/lib/contexts/AuthContext";
  6 |
  7 | /**

Import map: aliased to relative './src/components/ui/Button' inside of [project]/

Import traces:
  Client Component Browser:
    ./src/app/(tenant)/portal/page.tsx [Client Component Browser]
    ./src/app/(tenant)/portal/page.tsx [Server Component]

  Client Component SSR:
    ./src/app/(tenant)/portal/page.tsx [Client Component SSR]
    ./src/app/(tenant)/portal/page.tsx [Server Component]

https://nextjs.org/docs/messages/module-not-found @ http://demo.localhost:3000/_next/static/chunks/node_modules_next_dist_1e8vcs8._.js:1052
[ 1455748ms] [LOG] [Fast Refresh] rebuilding @ http://demo.localhost:3000/_next/static/chunks/node_modules_next_dist_1e8vcs8._.js:776
[ 1462563ms] [LOG] [Fast Refresh] done in 6922ms @ http://demo.localhost:3000/_next/static/chunks/node_modules_next_dist_1e8vcs8._.js:776
[ 1462565ms] [LOG] [Fast Refresh] done in 6922ms @ http://demo.localhost:3000/_next/static/chunks/node_modules_next_dist_1e8vcs8._.js:776
[ 1462569ms] [LOG] [Fast Refresh] done in 6922ms @ http://demo.localhost:3000/_next/static/chunks/node_modules_next_dist_1e8vcs8._.js:776
[ 1462570ms] [LOG] [Fast Refresh] done in 6922ms @ http://demo.localhost:3000/_next/static/chunks/node_modules_next_dist_1e8vcs8._.js:776
[ 1462571ms] [LOG] [Fast Refresh] done in 6922ms @ http://demo.localhost:3000/_next/static/chunks/node_modules_next_dist_1e8vcs8._.js:776
[ 1462686ms] [LOG] [Fast Refresh] rebuilding @ http://demo.localhost:3000/_next/static/chunks/node_modules_next_dist_1e8vcs8._.js:776
[ 1462695ms] [WARNING] [Fast Refresh] performing full reload

Fast Refresh will perform a full reload when you edit a file that's imported by modules outside of the React rendering tree.
You might have a file which exports a React component but also exports a value that is imported by a non-React component file.
Consider migrating the non-React component export to a separate file and importing it into both files.

It is also possible the parent component of the component you edited is a class component, which disables Fast Refresh.
Fast Refresh requires at least one parent function component in your React tree. @ http://demo.localhost:3000/_next/static/chunks/node_modules_next_dist_1e8vcs8._.js:776
[ 1464678ms] [LOG] [Fast Refresh] done in 2100ms @ http://demo.localhost:3000/_next/static/chunks/node_modules_next_dist_1e8vcs8._.js:776
[ 1465306ms] [INFO] %cDownload the React DevTools for a better development experience: https://react.dev/link/react-devtools font-weight:bold @ http://demo.localhost:3000/_next/static/chunks/node_modules_next_dist_1e8vcs8._.js:776
[ 1465353ms] [LOG] [HMR] connected @ http://demo.localhost:3000/_next/static/chunks/node_modules_next_dist_1e8vcs8._.js:776
[ 1473180ms] [LOG] [Fast Refresh] rebuilding @ http://demo.localhost:3000/_next/static/chunks/node_modules_next_dist_1e8vcs8._.js:776
[ 1473386ms] [LOG] [Fast Refresh] done in 186ms @ http://demo.localhost:3000/_next/static/chunks/node_modules_next_dist_1e8vcs8._.js:776
[ 1492750ms] [LOG] [Fast Refresh] done in 186ms @ http://demo.localhost:3000/_next/static/chunks/node_modules_next_dist_1e8vcs8._.js:776
[ 1523937ms] [LOG] [Fast Refresh] done in 186ms @ http://demo.localhost:3000/_next/static/chunks/node_modules_next_dist_1e8vcs8._.js:776
[ 1524297ms] [LOG] [Fast Refresh] done in 186ms @ http://demo.localhost:3000/_next/static/chunks/node_modules_next_dist_1e8vcs8._.js:776
[ 1524369ms] [LOG] [Fast Refresh] done in 186ms @ http://demo.localhost:3000/_next/static/chunks/node_modules_next_dist_1e8vcs8._.js:776
[ 1525469ms] [LOG] [Fast Refresh] done in 186ms @ http://demo.localhost:3000/_next/static/chunks/node_modules_next_dist_1e8vcs8._.js:776
[ 1526583ms] [LOG] [Fast Refresh] done in 186ms @ http://demo.localhost:3000/_next/static/chunks/node_modules_next_dist_1e8vcs8._.js:776
[ 1528074ms] [LOG] [Fast Refresh] done in 186ms @ http://demo.localhost:3000/_next/static/chunks/node_modules_next_dist_1e8vcs8._.js:776
[ 1528404ms] [LOG] [Fast Refresh] done in 186ms @ http://demo.localhost:3000/_next/static/chunks/node_modules_next_dist_1e8vcs8._.js:776
[ 1536021ms] [LOG] [Fast Refresh] done in 186ms @ http://demo.localhost:3000/_next/static/chunks/node_modules_next_dist_1e8vcs8._.js:776
[ 1536978ms] [LOG] [Fast Refresh] done in 186ms @ http://demo.localhost:3000/_next/static/chunks/node_modules_next_dist_1e8vcs8._.js:776
[ 1540421ms] [LOG] [Fast Refresh] done in 186ms @ http://demo.localhost:3000/_next/static/chunks/node_modules_next_dist_1e8vcs8._.js:776
[ 1540615ms] [LOG] [Fast Refresh] done in 186ms @ http://demo.localhost:3000/_next/static/chunks/node_modules_next_dist_1e8vcs8._.js:776
[ 1542413ms] [LOG] [Fast Refresh] done in 186ms @ http://demo.localhost:3000/_next/static/chunks/node_modules_next_dist_1e8vcs8._.js:776
[ 1542888ms] [LOG] [Fast Refresh] done in 186ms @ http://demo.localhost:3000/_next/static/chunks/node_modules_next_dist_1e8vcs8._.js:776
[ 1576321ms] [LOG] [Fast Refresh] done in 186ms @ http://demo.localhost:3000/_next/static/chunks/node_modules_next_dist_1e8vcs8._.js:776
[ 1576573ms] [LOG] [Fast Refresh] done in 186ms @ http://demo.localhost:3000/_next/static/chunks/node_modules_next_dist_1e8vcs8._.js:776
[ 1576823ms] [LOG] [Fast Refresh] done in 186ms @ http://demo.localhost:3000/_next/static/chunks/node_modules_next_dist_1e8vcs8._.js:776
[ 1577000ms] [LOG] [Fast Refresh] done in 186ms @ http://demo.localhost:3000/_next/static/chunks/node_modules_next_dist_1e8vcs8._.js:776
